// Jest Snapshot v1, https://goo.gl/fbAQLP

exports[`Header renders correctly 1`] = `
<div
  className="sc-bczRLJ kIOTIl"
>
  <header
    className="sc-dkzDqf heTzSB"
  />
</div>
`;
