// Jest Snapshot v1, https://goo.gl/fbAQLP

exports[`Skeleton renders correctly 1`] = `
<div
  className="sc-bczRLJ iKuZnI"
  height="100px"
  width="100px"
/>
`;
