// Jest Snapshot v1, https://goo.gl/fbAQLP

exports[`Text bold renders correctly 1`] = `
<p
  className="sc-bczRLJ YRWNg"
/>
`;

exports[`Text light renders correctly 1`] = `
<p
  className="sc-gsnTZi bMDWaK"
/>
`;

exports[`Text medium renders correctly 1`] = `
<p
  className="sc-dkzDqf cnoQUb"
/>
`;

exports[`Text regular renders correctly 1`] = `
<p
  className="sc-hKMtZM xSPEl"
/>
`;
